C51 COMPILER V9.54   MAIN                                                                  10/04/2024 19:01:23 PAGE 1   


C51 COMPILER V9.54, COMPILATION OF MODULE MAIN
OBJECT MODULE PLACED IN .\Objects\main.obj
COMPILER INVOKED BY: D:\Keil5\C51\BIN\C51.EXE main.c OPTIMIZE(8,SPEED) BROWSE DEBUG OBJECTEXTEND PRINT(.\Listings\main.l
                    -st) OBJECT(.\Objects\main.obj)

line level    source

   1          
   2          #include <reg52.h>
   3          #define uint unsigned int
   4          #define uchar unsigned char
   5          #include "LCD1602.h"
   6          
   7          sbit voice=P2^5;
   8          
   9          uchar code sound[]={0xff,
  10                              0x2b,0x30,0x30,0x10,0x2b,0x30,0x30,0x10,0x2b,0x20,0x26,0x20,0x20,0x20,
  11                              0x26,0x20,0x2b,0x30,0x30,0x10,0x2b,0x30,0x30,0x10,0x2b,0x10,0x26,0x10,
  12                              0x2b,0x10,0x30,0x10,0x40,0x20,0x40,0x20,0x2b,0x30,0x30,0x10,0x2b,0x30,
  13                              0x30,0x10,0x2b,0x20,0x26,0x20,0x20,0x20,0x26,0x20,0x2b,0x30,0x26,0x10,
  14                              0x2b,0x20,0x30,0x20,0x2b,0x20,0x2b,0x20,0xff,0x20,0xff,0x20,0x2b,0x30,
  15                                                  0x30,0x10,0x2b,0x30,0x30,0x10,0x2b,0x20,0x26,0x20,0x20,0x20,0x26,0x20,
  16                                                  0x2b,0x30,0x26,0x10,0x2b,0x20,0x30,0x20,0x39,0x20,0x39,0x20,0x26,0x10,
  17                                                  0x2b,0x10,0x30,0x10,0x2b,0x10,0x30,0x20,0x30,0x20,0x26,0x10,0x2b,0x10,
  18                                                  0x30,0x10,0x2b,0x10,0x30,0x30,0x20,0x10,0x26,0x10,0x2b,0x10,0x30,0x10,
  19                                                  0x2b,0x10,0x30,0x20,0x30,0x20,0x30,0x20,0x2b,0x20,0x26,0x20,0x30,0x20,0x1c,0x20,0x20,0x10,0x1c,0x10,
  20                              0x1c,0x30,0x30,0x10,0x19,0x20,0x1c,0x10,0x19,0x10,0x19,0x20,0x19,0x20,
  21                              0x1c,0x10,0x19,0x10,0x19,0x20,0x26,0x20,0x18,0x10,0x15,0x10,0x18,0x10,
  22                              0x19,0x10,0x1c,0x20,0x20,0x20,0x1c,0x20,0x20,0x10,0x1c,0x10,0x1c,0x10,
  23                              0x20,0x10,0x1c,0x10,0x20,0x10,0x1c,0x20,0x20,0x10,0x2b,0x10,0x2b,0x10,
  24                              0x20,0x20,0x20,0x10,0x26,0x20,0x26,0x20,0x30,0x20,0x2b,0x20,0x26,0x20,
  25                              0x30,0x20,0x1c,0x20,0x20,0x10,0x1c,0x10,0x1c,0x30,0x30,0x10,0x19,0x20,
  26                              0x1c,0x10,0x19,0x10,0x19,0x20,0x19,0x20,0x1c,0x10,0x19,0x10,0x19,0x20,
  27                              0x26,0x20,0x18,0x10,0x15,0x10,0x18,0x10,0x19,0x10,0x1c,0x20,0x20,0x20,
  28                              0x1c,0x20,0x13,0x10,0x13,0x10,0x13,0x20,0x20,0x20,0x1c,0x20,0x13,0x10,
  29                              0x13,0x10,0x13,0x10,0x20,0x20,0x1c,0x10,0x1c,0x20,0x1c,0x20,0x1c,0x20,
  30                              0x1c,0x20,0xff,0x20,0xff,0x20,  0x18,0x20,0x15,0x20,0x13,0x20,0x0e,0x10,0x10,0x10,0x10
             -,0x20,0x0e,0x10,
  31                              0x10,0x10,0x10,0x20,0x0e,0x10,0x10,0x10,0x10,0x20,0x19,0x10,0x18,0x10,
  32                              0x18,0x20,0x0e,0x10,0x10,0x10,0x10,0x20,0x0e,0x10,0x10,0x10,0x10,0x20,
  33                              0x0e,0x10,0x10,0x10,0x10,0x10,0x13,0x30,0x15,0x20,0x18,0x10,0x1c,0x10,
  34                              0x1c,0x10,0x18,0x20,0x1c,0x10,0x15,0x10,0x18,0x10,0x1c,0x20,0x1c,0x10,
  35                              0x18,0x30,0x13,0x20,0x13,0x20,0x13,0x10,0x12,0x10,0x13,0x20,0x13,0x10,
  36                              0x15,0x20,0xff,0x20,0xff,0x20,0x18,0x20,0x15,0x20,0x13,0x20,0x0e,0x10,0x10,0x10,
  37                              0x10,0x20,0x0e,0x10,0x10,0x10,0x10,0x20,0x0e,0x10,0x10,0x10,0x10,0x20,
  38                              0x15,0x20,0x13,0x20,0x0e,0x10,0x10,0x10,0x10,0x20,0x0e,0x10,0x10,0x10,
  39                              0x10,0x20,0x0e,0x10,0x10,0x10,0x10,0x10,0x13,0x30,0x15,0x20,0x18,0x10,
  40                              0x1c,0x10,0x1c,0x10,0x13,0x30,0x15,0x20,0x18,0x10,0x1c,0x10,0x1c,0x10,
  41                              0x18,0x30,0x18,0x20,0x18,0x20,0xff,0x20,0xff,0x20,0x1c,0x10,0x13,0x10,
  42                              
  43                              0x15,0x20,0x18,0x10,0x1c,0x10,0x1c,0x10,0x13,0x30,0x15,0x20,0x18,0x10,
  44                              0x1c,0x10,0x1c,0x10,0x18,0x30,0x18,0x20,0x18,0x20,0x18,0x20,0x18,0x20,0x00,
  45                             };
  46          uchar zdjs=0, jp;
  47          del(yj);
  48          void main(void)
  49            {
  50   1            uint dpjs=0;
  51   1            uchar yj;
  52   1            TMOD=0x01,IE=0x82;
  53   1            TH0=0xd8, TL0=0xef;
C51 COMPILER V9.54   MAIN                                                                  10/04/2024 19:01:23 PAGE 2   

  54   1         TR0=1;
  55   1              LCD_Init();
  56   1      while(1)
  57   1         {  
  58   2                LCD_ShowString(1,1,"正在播放歌曲 起风了");  //正在播放歌曲 起风了
  59   2            zdjs=0;
  60   2            dpjs++; yj=sound[dpjs]; 
  61   2           dpjs++; jp=sound[dpjs];
  62   2         while(zdjs!=jp)
  63   2             { 
  64   3            if(yj!=0xff)
  65   3         {
  66   4                   if(yj!=0)
  67   4                     {
  68   5                   voice=!voice;
  69   5                       del(yj);
  70   5                      }
  71   4                      else
  72   4                {
  73   5                dpjs=0; 
  74   5                            break;
  75   5                           }
  76   4          }
  77   3          else
  78   3            {
  79   4              voice=0;
  80   4                       del(jp);
  81   4          }
  82   3            }
  83   2             }
  84   1         }
  85          time0() interrupt 1  using 1
  86                {
  87   1               TH0=0xd8, TL0=0xef;
  88   1               zdjs++;
  89   1                 }
  90          del(yj)
  91              {
  92   1            uchar yj2=2;
  93   1             while(yj!=0)
  94   1               {      
  95   2                     while(yj2!=0)
  96   2                        {
  97   3                           yj2--;
  98   3                           }
  99   2                        yj2=2;
 100   2                   yj--;  
 101   2             }
 102   1         
 103   1           }
*** WARNING C290 IN LINE 103 OF main.c: missing return value


MODULE INFORMATION:   STATIC OVERLAYABLE
   CODE SIZE        =    156    ----
   CONSTANT SIZE    =    521    ----
   XDATA SIZE       =   ----    ----
   PDATA SIZE       =   ----    ----
   DATA SIZE        =      2       3
   IDATA SIZE       =   ----    ----
   BIT SIZE         =   ----    ----
END OF MODULE INFORMATION.

C51 COMPILER V9.54   MAIN                                                                  10/04/2024 19:01:23 PAGE 3   


C51 COMPILATION COMPLETE.  1 WARNING(S),  0 ERROR(S)
