C51 COMPILER V9.54   MAIN                                                                  10/03/2024 20:31:15 PAGE 1   


C51 COMPILER V9.54, COMPILATION OF MODULE MAIN
OBJECT MODULE PLACED IN .\Objects\main.obj
COMPILER INVOKED BY: D:\Keil5\C51\BIN\C51.EXE main.c OPTIMIZE(8,SPEED) BROWSE DEBUG OBJECTEXTEND PRINT(.\Listings\main.l
                    -st) OBJECT(.\Objects\main.obj)

line level    source

   1          #include <REGX52.H>
   2          
   3          unsigned char NixieTable[] = {0x3F,0x06,0x5B,0x4F,0x66,0x6D,0x7D,0x07,0x7F,0x6F};
   4          
   5          void Nixie(unsigned char Location,Number)
   6          {
   7   1              switch(Location)
   8   1              {
   9   2                      //8号显示屏亮(从左往右数第一个)Y7
  10   2                      case 1:P2_4 = 1;P2_3 = 1;P2_2 = 1;break;   //Y7
  11   2                      case 2:P2_4 = 1;P2_3 = 1;P2_2 = 0;break;   //Y6
  12   2                      case 3:P2_4 = 1;P2_3 = 0;P2_2 = 1;break;   //Y5
  13   2                      case 4:P2_4 = 1;P2_3 = 0;P2_2 = 0;break;   //Y4
  14   2                      case 5:P2_4 = 0;P2_3 = 1;P2_2 = 1;break;   //Y3
  15   2                      case 6:P2_4 = 0;P2_3 = 1;P2_2 = 0;break;   //Y2
  16   2                      case 7:P2_4 = 0;P2_3 = 0;P2_2 = 1;break;   //Y1
  17   2                      case 8:P2_4 = 0;P2_3 = 0;P2_2 = 0;break;   //Y0
  18   2              }
  19   1              //用数组来存储点亮LED灯的数字
  20   1              //NixieTable[0]就是点亮 0 
  21   1              P0 = NixieTable[Number];
  22   1      }
  23          
  24          void main()
  25          {
  26   1              //第六个数码显示6
  27   1      //      P2_4 =1;
  28   1      //      P2_3 =0;
  29   1      //      P2_2 =1;    //Y5接通，LED6点亮
  30   1      //      P0 = 0x7D;    //0111 1101
  31   1              Nixie(7,2);
  32   1              while(1)
  33   1              {
  34   2                      
  35   2              }
  36   1      }


MODULE INFORMATION:   STATIC OVERLAYABLE
   CODE SIZE        =    110    ----
   CONSTANT SIZE    =   ----    ----
   XDATA SIZE       =   ----    ----
   PDATA SIZE       =   ----    ----
   DATA SIZE        =     10    ----
   IDATA SIZE       =   ----    ----
   BIT SIZE         =   ----    ----
END OF MODULE INFORMATION.


C51 COMPILATION COMPLETE.  0 WARNING(S),  0 ERROR(S)
