C51 COMPILER V9.54   ONEWIRE                                                               11/16/2024 14:45:13 PAGE 1   


C51 COMPILER V9.54, COMPILATION OF MODULE ONEWIRE
OBJECT MODULE PLACED IN .\Objects\OneWire.obj
COMPILER INVOKED BY: D:\Keil5\C51\BIN\C51.EXE OneWire.c OPTIMIZE(8,SPEED) BROWSE DEBUG OBJECTEXTEND PRINT(.\Listings\One
                    -Wire.lst) OBJECT(.\Objects\OneWire.obj)

line level    source

   1          #include <REGX52.H>
   2          
   3          // 在【@11.0592MHz】中的延时函数中【函数跳转】需要【5us】
   4          
   5          sbit OneWire_DQ = P3^7;
   6          
   7          /**
   8            * @brief    初始化：主机将总线拉低至少480us，然后释放总线，等待15~60us后，
   9            * @brief        【存在的从机】会拉低总线60~240us以响应主机，之后从机将释放总线。
  10            * @param    无
  11            * @retval   返回应答位
  12            */
  13          unsigned char OneWire_Init(void)
  14          {
  15   1              unsigned char i;
  16   1              unsigned char AckBit;
  17   1      
  18   1              OneWire_DQ = 1;
  19   1              OneWire_DQ = 0;
  20   1              i = 227;while (--i);       //Delay 500 us
  21   1              OneWire_DQ = 1;            //释放总线
  22   1              i = 29;while (--i);        //Delay 70 us
  23   1              AckBit = OneWire_DQ;       //应答位
  24   1              i = 227;while (--i);       //把时序走完，480-70=410，直接Delay 500 us
  25   1              return AckBit;
  26   1      }
  27          
  28          /**
  29            * @brief   【发送一位】：主机将总线拉低60~120us，然后释放总线，表示发送0;
  30                                   主机将总线拉低1~15us，然后释放总线，表示发送1。从机将在总线
  31                                   拉低30us后（典型值）读取电平，整个时间片应大于60us  
  32            * @param   Bit:主机发送给从机的一位数据
  33            * @retval  无
  34            */
  35          void OneWire_SendBit(unsigned char Bit)
  36          {
  37   1              unsigned char i;
  38   1              OneWire_DQ = 0;   //从机拉低总线后会自动释放总线，所以初始化完总线是1
  39   1              i = 4;while (--i);         // Delay 10us
  40   1              OneWire_DQ = Bit;     //【如果是高电平就是1，低电平为0】
  41   1              i = 22;while (--i);   //Delay 50us   结束       【10+50=61】
  42   1              OneWire_DQ = 1;
  43   1      }
  44          
  45          /**
  46            * @brief   【接收一位】：主机将总线拉低1~15us，然后释放总线，并在拉低后
  47                                   15us内读取总线电平（尽量贴近15us的末尾），读取为低电平则
  48                                   为接收0，读取为高电平则为接收1，整个时间片应大于60us。
  49            * @param   无
  50            * @retval  主机读取从机一位数据
  51            */
  52          unsigned char OneWire_ReceiveBit(void)
  53          {
  54   1              unsigned char i;
C51 COMPILER V9.54   ONEWIRE                                                               11/16/2024 14:45:13 PAGE 2   

  55   1              unsigned char Bit;
  56   1              
  57   1              OneWire_DQ = 0;        //拉低总线，以防上次总线电平还没恢复为【低电平】
  58   1              i = 2;while (--i);     //Delay 5us
  59   1              
  60   1              OneWire_DQ = 1;
  61   1              i = 2;while (--i);     //Delay 5us
  62   1              
  63   1              Bit = OneWire_DQ;      //主机接收从机的一位数据
  64   1              i = 22;while (--i);    //Delay 50us
  65   1              
  66   1              return Bit;
  67   1      }
  68          
  69          /**
  70            * @brief    主机发送给从机的一个字节
  71            * @param    Byte：要发送的字节
  72            * @retval   无
  73            */
  74          void OneWire_SendByte(unsigned char Byte)
  75          {
  76   1              unsigned char i;
  77   1              for(i=0;i<8;i++)        //主机发送给从机的一个字节
  78   1              {
  79   2                      OneWire_SendBit(Byte&(0x01<<i));
  80   2              }
  81   1      }
  82          
  83          /**
  84            * @brief    主机接收从机的一个字节
  85            * @param    无
  86            * @retval   Byte：要接受的字节
  87            */
  88          unsigned char OneWire_ReceiveByte(void)
  89          {
  90   1              unsigned char i;
  91   1              unsigned char Byte = 0x00;
  92   1              for(i=0;i<8;i++)        //主机接收从机的一个字节
  93   1              {
  94   2                      if(OneWire_ReceiveBit()){Byte|=(0x01<<i);}
  95   2                      //判断一下，如果有字节需要接收，就可以依次取出每位的数据
  96   2                      //OneWire_ReceiveBit()为1，【有数据】，Byte【|】一个【1】
  97   2                      //OneWire_ReceiveBit()为0，【没有数据】，Byte【|】一个【0】
  98   2              }
  99   1              return Byte;
 100   1      }


MODULE INFORMATION:   STATIC OVERLAYABLE
   CODE SIZE        =    122    ----
   CONSTANT SIZE    =   ----    ----
   XDATA SIZE       =   ----    ----
   PDATA SIZE       =   ----    ----
   DATA SIZE        =   ----    ----
   IDATA SIZE       =   ----    ----
   BIT SIZE         =   ----    ----
END OF MODULE INFORMATION.


C51 COMPILATION COMPLETE.  0 WARNING(S),  0 ERROR(S)
